I'm sorry, but errors were detected in your script. Please correct the
errors listed below, and try again.


File "game/unite.rpy", line 203: expected statement.
    Jump game_menu
                  ^

Ren'Py Version: Ren'Py 8.2.3.24061702
Sun Jan 19 17:07:20 2025
